CONTROL pass
killed   id-detail-full-number
killed   id-type-any
killed   code-sent-shape-off
killed   consented-shape-off
killed   cancel-reason-short
killed   sends-unbounded
killed   attempts-unbounded
killed   two-live-sessions
killed   delete-signed
killed   final-editable
killed   id-mutable
killed   name-mutable
killed   counters-down
killed   email-swap
killed   skip-to-signed
killed   back-to-code
killed   start-to-consented
killed   fn-actor-optional
killed   fn-future-time
killed   fn-zero-accounts
killed   fn-four-accounts
killed   fn-same-file
killed   fn-vendor-path
killed   fn-state-any
killed   fn-no-expiry
killed   fn-name-any
killed   fn-utc-date
killed   fn-silent-replace
killed   fn-old-accounts-live
killed   fn-no-supersede-event
killed   fn-wet-ink
killed   fn-priority-unchecked
killed   fn-docs-unlinked
killed   fn-cert-kind
killed   fn-no-ip
killed   fn-no-event
killed   fn-no-hash-in-event
killed   rls-off
killed   anon-grant
killed   auth-delete
killed   fn-authenticated
killed   fn-definer
control restored; killed 42/42 survivors []
